Created Category It!
Created JobOffer BackEndDev in Category It!