Name should be between 2 and 40 characters!
Created Category It!
Created JobOffer TechSupport in Category It!
Created JobOffer OnSiteTechSupport in Category It!
Created JobOffer Tester in Category It!