Created Category Restaurants!
Created Category It!
Created JobOffer Waiter in Category Restaurants!
The average salary is: 0.00 BGN