Created Category Restaurants!
Created Category It!
Created JobOffer Waiter in Category Restaurants!
The average salary is: 0.00 BGN
Created JobOffer TechSupport in Category It!
Created JobOffer OnSiteTechSupport in Category It!
Created JobOffer Tester in Category It!
The average salary is: 1900.00 BGN
Job Title: Tester
Company: YourTest
Salary: 2500.00 BGN
City: Varna
Job Title: OnSiteTechSupport
Company: MyTech
Salary: 1700.00 BGN
City: Burgas