Created Category Restaurants!
Created Category It!
Created JobOffer Waiter in Category Restaurants!
The average salary is: 0.00 BGN
Created JobOffer TechSupport in Category It!
Created JobOffer OnSiteTechSupport in Category It!
Created JobOffer Tester in Category It!
The average salary is: 566.67 BGN
Job Title: TechSupport
Company: MyTech
Salary: 0.00 BGN
Fully Remote: yes
Job Title: Tester
Company: YourTest
Salary: 0.00 BGN
City: Varna