Created Category Construction!
JobTitle should be between 3 and 30 characters!