Created Category Tourism!
Salary should be 0 or positive!