Created Category Test!
Company should be between 3 and 30 characters!