Registered SofiaDistribution
Registered AmazonWarehouse
Added Gpu to pool
Added SolidStateDrive to pool
Added HardDrive to pool
Added HardDrive to pool
Selected Van
Loaded 2/2 products into Van
Sent Van to AmazonWarehouse (slot 3)
Unloaded 2/2 products at AmazonWarehouse
AmazonWarehouse:
Storage worth: $1320.00
SofiaDistribution:
Storage worth: $0.00
