Error: Price cannot be negative!
Error: Invalid product type!
Error: Invalid storage type!
Registered GoodHackerStorage
Selected Semi
Error: HardDrive is out of stock!
Error: Invalid source storage!
Error: Invalid destination storage!
GoodHackerStorage:
Storage worth: $0.00
