Registered VratsaDistribution
Registered GoogleWarehouse
Added Gpu to pool
Added SolidStateDrive to pool
Added HardDrive to pool
Added HardDrive to pool
Selected Van
Loaded 2/2 products into Van
Sent Van to GoogleWarehouse (slot 3)
Unloaded 2/2 products at GoogleWarehouse
GoogleWarehouse:
Storage worth: $1320.00
VratsaDistribution:
Storage worth: $0.00
