Error: Price cannot be negative!
Error: Invalid storage type!
Registered NiceHackerStorage
Selected Semi
Error: HardDrive is out of stock!
Error: Invalid source storage!
Error: Invalid destination storage!
NiceHackerStorage:
Storage worth: $0.00
