Registered DaWarehouse
Registered TheAutomatedWarehouse
Registered TheDistributionCenter
Error: Invalid storage type!
Added Gpu to pool
Added HardDrive to pool
Added SolidStateDrive to pool
Added Ram to pool
Error: Invalid product type!
Added Gpu to pool
Added HardDrive to pool
Added SolidStateDrive to pool
Added Ram to pool
Error: Invalid product type!
Selected Semi
Loaded 4/4 products into Semi
Selected Truck
Loaded 4/4 products into Truck
Selected Van
Error: Ram is out of stock!
Sent Semi to TheDistributionCenter (slot 3)
Error: No vehicle in this garage slot!
Sent Semi to TheDistributionCenter (slot 4)
Stock (0/10): []
Garage: [empty|empty|Semi|empty|empty|empty|empty|empty|empty|empty]
Stock (0/2): []
Garage: [Van|Van|Van|Semi|Semi]
Stock (0/1): []
Garage: [Truck|empty]
Unloaded 3/4 products at TheDistributionCenter
Error: Storage is full!
TheDistributionCenter:
Storage worth: $300.00
DaWarehouse:
Storage worth: $0.00
TheAutomatedWarehouse:
Storage worth: $0.00
