Created User mitko!
Created Playlist Workout for User mitko!