Created User Ivan!
Created Playlist WorkoutHits for User Ivan!
Added song BeatIt to Playlist WorkoutHits!
Added song BillieJean to Playlist WorkoutHits!