Created User John!
Created Playlist RockHits for User John!
Added song Thunderstruck to Playlist RockHits!
Added song EnterSandman to Playlist RockHits!
Added song HighwayToHell to Playlist RockHits!
Total duration of RockHits: 831 seconds
Title: HighwayToHell
Duration: 208 seconds
Artist: ACDC
Album: HighwayToHell
Title: Thunderstruck
Duration: 292 seconds
Artist: ACDC
Album: TheRazorsEdge
Title: EnterSandman
Duration: 331 seconds
Artist: Metallica
Album: Metallica