Created User Alice!
Created Playlist MyFavorites for User Alice!
Title should be between 2 and 100 characters!