Assassin: Master Assassin joined the Arena!
Assassin: Master Assassin - Level: 0
Experience: 0
Power: 0.00
Successfully armed hero Master Assassin with weapon Sword!
Priest: The Priest joined the Arena!
Winner in the battle between Master Assassin and The Priest is Master Assassin with 150.00.
Assassin: Master Assassin - Level: 0
Experience: 30
Sword: Excalibur
  *Strength: 60
  *Agility: 10
  *Intelligence: 5
Power: 150.00
Heroes: 2
Assassin: Master Assassin - Level: 0
Experience: 30
Sword: Excalibur
  *Strength: 60
  *Agility: 10
  *Intelligence: 5
Power: 150.00
Priest: The Priest - Level: 0
Experience: 0
Power: 0.00