Assassin: Master Assassin joined the Arena!
Hero with name: The Priest does not exist!
Successfully armed hero Master Assassin with weapon Sword!
Hero with name: The Priest does not exist!
Hero with name: Master Assassin already exists!
Hero with name: Atila does not exist!
Priest: The Priest joined the Arena!
Successfully armed hero The Priest with weapon MagicWand!
Hero with name: Atila does not exist!
Winner in the battle between Master Assassin and The Priest is The Priest with 236.67.
Priest: The Priest - Level: 0
Experience: 30
MagicWand: Star Touch
  *Strength: 5
  *Agility: 15
  *Intelligence: 125
Power: 386.67
Heroes: 2
Priest: The Priest - Level: 0
Experience: 30
MagicWand: Star Touch
  *Strength: 5
  *Agility: 15
  *Intelligence: 125
Power: 386.67
Assassin: Master Assassin - Level: 0
Experience: 0
Sword: Excalibur
  *Strength: 60
  *Agility: 10
  *Intelligence: 5
Power: 150.00