Warrior: Pesho joined the Arena!
Hero with name: Gosho does not exist!
Hero with name: Gosho does not exist!
Assassin: Gosho joined the Arena!
No winner in battle between Gosho and Pesho!
Successfully armed hero Gosho with weapon Sword!
Winner in the battle between Gosho and Pesho is Gosho with 60.00.
Heroes: 2
Assassin: Gosho - Level: 0
Experience: 45
Sword: WeaponName
  *Strength: 20
  *Agility: 5
  *Intelligence: 5
Power: 60.00
Warrior: Pesho - Level: 0
Experience: 15
Power: 0.00