Hero with name: Gosho does not exist!
Priest: Pesho joined the Arena!
Priest: Pesho - Level: 0
Experience: 0
Power: 0.00
Successfully armed hero Pesho with weapon MagicWand!
Priest: Pesho - Level: 0
Experience: 0
MagicWand: NameOfWeapon
  *Strength: 5
  *Agility: 5
  *Intelligence: 25
Power: 93.33
Heroes: 1
Priest: Pesho - Level: 0
Experience: 0
MagicWand: NameOfWeapon
  *Strength: 5
  *Agility: 5
  *Intelligence: 25
Power: 93.33