Warrior: Simo joined the Arena!
Assassin: Gosho joined the Arena!
Priest: Silviya joined the Arena!
Warrior: Dimitar joined the Arena!
Successfully armed hero Silviya with weapon MagicWand!
Successfully armed hero Dimitar with weapon Sword!
Winner in the battle between Silviya and Simo is Silviya with 93.33.
Winner in the battle between Silviya and Simo is Silviya with 93.33.
Winner in the battle between Silviya and Gosho is Silviya with 93.33.
Winner in the battle between Silviya and Gosho is Silviya with 93.33.
Winner in the battle between Dimitar and Simo is Dimitar with 40.00.
Winner in the battle between Dimitar and Simo is Dimitar with 40.00.
Winner in the battle between Dimitar and Gosho is Dimitar with 40.00.
Winner in the battle between Dimitar and Gosho is Dimitar with 40.00.
Heroes: 4
Priest: Silviya - Level: 1
Experience: 20
MagicWand: MagicStick
  *Strength: 5
  *Agility: 5
  *Intelligence: 25
Power: 93.33
Warrior: Dimitar - Level: 1
Experience: 20
Sword: SomeSword
  *Strength: 20
  *Agility: 5
  *Intelligence: 5
Power: 40.00
Assassin: Gosho - Level: 0
Experience: 0
Power: 0.00
Warrior: Simo - Level: 0
Experience: 0
Power: 0.00