Assassin: Filip joined the Arena!
Hero with name: Pesho does not exist!
Warrior: Simo joined the Arena!
Hero with name: Dimo does not exist!
Assassin: Filip - Level: 0
Experience: 0
Power: 0.00
No winner in battle between Filip and Simo!
Heroes: 2
Assassin: Filip - Level: 0
Experience: 15
Power: 0.00
Warrior: Simo - Level: 0
Experience: 15
Power: 0.00